Error on Brenevis : %d and &x does not match
